// Jest Snapshot v1, https://goo.gl/fbAQLP

exports[`SupportLinks renders with correct links 1`] = `
<ul
  className="dsq-support-list-container"
>
  <li
    className="dsq-support-list-item"
  >
    <div>
      <a
        href="https://help.disqus.com/customer/en/portal/articles/472005"
        target="_blank"
      >
        <div
          className="dashicons dashicons-lightbulb dsq-icon-support"
        />
        WordPress FAQ
      </a>
    </div>
  </li>
  <li
    className="dsq-support-list-item"
  >
    <div>
      <a
        href="https://disqus.com/home/channel/discussdisqus/"
        target="_blank"
      >
        <div
          className="dashicons dashicons-groups dsq-icon-support"
        />
        Community Forum
      </a>
    </div>
  </li>
  <li
    className="dsq-support-list-item"
  >
    <div>
      <a
        href="http://wp-plugin.disqus.net/"
        target="_blank"
      >
        <div
          className="dashicons dashicons-email-alt dsq-icon-support"
        />
        Contact Support
      </a>
    </div>
  </li>
</ul>
`;
